// Jest Snapshot v1, https://goo.gl/fbAQLP

exports[`Card should render correctly 1`] = `
<div
  className="py-3"
>
  <div
    className="card"
    onClick={[Function]}
  >
    <div
      className="row "
    >
      <div
        className="col-md-4"
      >
        <img
          alt=""
          className="w-100"
          src="https://placeholdit.imgix.net/~text?txtsize=38&txt=¯\\\\_(ツ)_/¯&w=400&h=400"
        />
      </div>
      <div
        className="col-md-8 px-3"
      >
        <div
          className="card-body px-3"
        >
          <h4
            className="card-title"
          >
            test
          </h4>
          <p
            className="card-text"
          >
            test
          </p>
          <p
            className="card-text"
          >
            NID: 
          </p>
          <button
            className="delete"
            data-target="#exampleModalCenter"
            data-toggle="modal"
            onClick={[Function]}
          >
            <MdRemoveCircleOutline
              className="remove"
            />
          </button>
        </div>
      </div>
    </div>
  </div>
</div>
`;
