// Jest Snapshot v1, https://goo.gl/fbAQLP

exports[`Gallery should render correctly 1`] = `
<div
  className="GalleryFrameContainer"
>
  <Dropzone
    className="dropZone"
    disableClick={false}
    disablePreview={false}
    disabled={false}
    id="dropZone"
    maxSize={Infinity}
    minSize={0}
    multiple={true}
    onDrop={[Function]}
    preventDropOnDocument={true}
  >
    <p>
      Drop your files here or click to browse.
    </p>
  </Dropzone>
  <BrowseButton
    files={Array []}
    render={[Function]}
    totalBytes={0}
    totalFiles={0}
  />
  <output
    className="container"
    id="list"
  >
    <div
      className="grid"
    />
  </output>
</div>
`;
