// Jest Snapshot v1, https://goo.gl/fbAQLP

exports[`GalleryImages should render correctly 1`] = `
<div
  className="GalleryFrameContainer"
>
  <div
    className="container p-0"
    id="list"
  >
    <div
      className="grid"
    />
  </div>
</div>
`;
