// Jest Snapshot v1, https://goo.gl/fbAQLP

exports[`Edit Snapshots should render correctly 1`] = `
<EditPage
  activeArticleNid={0}
  articles={Array []}
/>
`;
