// Jest Snapshot v1, https://goo.gl/fbAQLP

exports[`ListPage Snapshots should render correctly 1`] = `
<ListPage
  articles={
    Array [
      Object {
        "author": Object {
          "name": "admin",
        },
        "body": null,
        "images": Array [],
        "nid": 13,
        "title": "hello article update",
        "uuid": "79502776-61f8-4c48-b464-d94eebe0e01b",
      },
      Object {
        "author": Object {
          "name": "admin",
        },
        "body": Object {
          "value": "<p>asdfasdf</p>
    ",
        },
        "images": Array [],
        "nid": 14,
        "title": "asdfads",
        "uuid": "be510cd5-645e-4f72-8baa-06cf89f53f84",
      },
    ]
  }
/>
`;
